Archive member included to satisfy reference by file (symbol)

d:/program files (x86)/atmel studio/7.0/toolchain/avr8/avr8-gnu-toolchain/bin/../lib/gcc/avr/4.9.2/../../../../avr/lib/avr51\libm.a(addsf3.o)
                              display/Display.o (__subsf3)
d:/program files (x86)/atmel studio/7.0/toolchain/avr8/avr8-gnu-toolchain/bin/../lib/gcc/avr/4.9.2/../../../../avr/lib/avr51\libm.a(addsf3x.o)
                              d:/program files (x86)/atmel studio/7.0/toolchain/avr8/avr8-gnu-toolchain/bin/../lib/gcc/avr/4.9.2/../../../../avr/lib/avr51\libm.a(addsf3.o) (__addsf3x)
d:/program files (x86)/atmel studio/7.0/toolchain/avr8/avr8-gnu-toolchain/bin/../lib/gcc/avr/4.9.2/../../../../avr/lib/avr51\libm.a(divsf3.o)
                              cube/RGB.o (__divsf3)
d:/program files (x86)/atmel studio/7.0/toolchain/avr8/avr8-gnu-toolchain/bin/../lib/gcc/avr/4.9.2/../../../../avr/lib/avr51\libm.a(divsf3x.o)
                              d:/program files (x86)/atmel studio/7.0/toolchain/avr8/avr8-gnu-toolchain/bin/../lib/gcc/avr/4.9.2/../../../../avr/lib/avr51\libm.a(divsf3.o) (__divsf3x)
d:/program files (x86)/atmel studio/7.0/toolchain/avr8/avr8-gnu-toolchain/bin/../lib/gcc/avr/4.9.2/../../../../avr/lib/avr51\libm.a(fixunssfsi.o)
                              cube/Cube.o (__fixunssfsi)
d:/program files (x86)/atmel studio/7.0/toolchain/avr8/avr8-gnu-toolchain/bin/../lib/gcc/avr/4.9.2/../../../../avr/lib/avr51\libm.a(floatsisf.o)
                              sensors/Temperatur.o (__floatunsisf)
d:/program files (x86)/atmel studio/7.0/toolchain/avr8/avr8-gnu-toolchain/bin/../lib/gcc/avr/4.9.2/../../../../avr/lib/avr51\libm.a(fp_inf.o)
                              d:/program files (x86)/atmel studio/7.0/toolchain/avr8/avr8-gnu-toolchain/bin/../lib/gcc/avr/4.9.2/../../../../avr/lib/avr51\libm.a(addsf3x.o) (__fp_inf)
d:/program files (x86)/atmel studio/7.0/toolchain/avr8/avr8-gnu-toolchain/bin/../lib/gcc/avr/4.9.2/../../../../avr/lib/avr51\libm.a(fp_nan.o)
                              d:/program files (x86)/atmel studio/7.0/toolchain/avr8/avr8-gnu-toolchain/bin/../lib/gcc/avr/4.9.2/../../../../avr/lib/avr51\libm.a(addsf3x.o) (__fp_nan)
d:/program files (x86)/atmel studio/7.0/toolchain/avr8/avr8-gnu-toolchain/bin/../lib/gcc/avr/4.9.2/../../../../avr/lib/avr51\libm.a(fp_pscA.o)
                              d:/program files (x86)/atmel studio/7.0/toolchain/avr8/avr8-gnu-toolchain/bin/../lib/gcc/avr/4.9.2/../../../../avr/lib/avr51\libm.a(addsf3x.o) (__fp_pscA)
d:/program files (x86)/atmel studio/7.0/toolchain/avr8/avr8-gnu-toolchain/bin/../lib/gcc/avr/4.9.2/../../../../avr/lib/avr51\libm.a(fp_pscB.o)
                              d:/program files (x86)/atmel studio/7.0/toolchain/avr8/avr8-gnu-toolchain/bin/../lib/gcc/avr/4.9.2/../../../../avr/lib/avr51\libm.a(addsf3x.o) (__fp_pscB)
d:/program files (x86)/atmel studio/7.0/toolchain/avr8/avr8-gnu-toolchain/bin/../lib/gcc/avr/4.9.2/../../../../avr/lib/avr51\libm.a(fp_round.o)
                              d:/program files (x86)/atmel studio/7.0/toolchain/avr8/avr8-gnu-toolchain/bin/../lib/gcc/avr/4.9.2/../../../../avr/lib/avr51\libm.a(addsf3.o) (__fp_round)
d:/program files (x86)/atmel studio/7.0/toolchain/avr8/avr8-gnu-toolchain/bin/../lib/gcc/avr/4.9.2/../../../../avr/lib/avr51\libm.a(fp_split3.o)
                              d:/program files (x86)/atmel studio/7.0/toolchain/avr8/avr8-gnu-toolchain/bin/../lib/gcc/avr/4.9.2/../../../../avr/lib/avr51\libm.a(addsf3x.o) (__fp_split3)
d:/program files (x86)/atmel studio/7.0/toolchain/avr8/avr8-gnu-toolchain/bin/../lib/gcc/avr/4.9.2/../../../../avr/lib/avr51\libm.a(fp_zero.o)
                              d:/program files (x86)/atmel studio/7.0/toolchain/avr8/avr8-gnu-toolchain/bin/../lib/gcc/avr/4.9.2/../../../../avr/lib/avr51\libm.a(addsf3x.o) (__fp_zero)
d:/program files (x86)/atmel studio/7.0/toolchain/avr8/avr8-gnu-toolchain/bin/../lib/gcc/avr/4.9.2/../../../../avr/lib/avr51\libm.a(mulsf3.o)
                              cube/RGB.o (__mulsf3)
d:/program files (x86)/atmel studio/7.0/toolchain/avr8/avr8-gnu-toolchain/bin/../lib/gcc/avr/4.9.2/../../../../avr/lib/avr51\libm.a(mulsf3x.o)
                              d:/program files (x86)/atmel studio/7.0/toolchain/avr8/avr8-gnu-toolchain/bin/../lib/gcc/avr/4.9.2/../../../../avr/lib/avr51\libm.a(mulsf3.o) (__mulsf3x)
d:/program files (x86)/atmel studio/7.0/toolchain/avr8/avr8-gnu-toolchain/bin/../lib/gcc/avr/4.9.2/avr51\libgcc.a(_udivmodqi4.o)
                              cube/RGB.o (__udivmodqi4)
d:/program files (x86)/atmel studio/7.0/toolchain/avr8/avr8-gnu-toolchain/bin/../lib/gcc/avr/4.9.2/avr51\libgcc.a(_udivmodhi4.o)
                              util/Random.o (__udivmodhi4)
d:/program files (x86)/atmel studio/7.0/toolchain/avr8/avr8-gnu-toolchain/bin/../lib/gcc/avr/4.9.2/avr51\libgcc.a(_exit.o)
                              D:/Program Files (x86)/Atmel Studio/7.0/Packs/atmel/ATmega_DFP/1.0.106/gcc/dev/atmega1284p/avr51/crtatmega1284p.o (exit)
d:/program files (x86)/atmel studio/7.0/toolchain/avr8/avr8-gnu-toolchain/bin/../lib/gcc/avr/4.9.2/avr51\libgcc.a(_copy_data.o)
                              cube/Cube.o (__do_copy_data)
d:/program files (x86)/atmel studio/7.0/toolchain/avr8/avr8-gnu-toolchain/bin/../lib/gcc/avr/4.9.2/avr51\libgcc.a(_clear_bss.o)
                              cube/Cube.o (__do_clear_bss)
d:/program files (x86)/atmel studio/7.0/toolchain/avr8/avr8-gnu-toolchain/bin/../lib/gcc/avr/4.9.2/avr51\libgcc.a(_ctors.o)
                              cube/Cube.o (__do_global_ctors)
d:/program files (x86)/atmel studio/7.0/toolchain/avr8/avr8-gnu-toolchain/bin/../lib/gcc/avr/4.9.2/avr51\libgcc.a(_adddi3_s8.o)
                              main.o (__adddi3_s8)
d:/program files (x86)/atmel studio/7.0/toolchain/avr8/avr8-gnu-toolchain/bin/../lib/gcc/avr/4.9.2/avr51\libgcc.a(_tablejump2.o)
                              d:/program files (x86)/atmel studio/7.0/toolchain/avr8/avr8-gnu-toolchain/bin/../lib/gcc/avr/4.9.2/avr51\libgcc.a(_ctors.o) (__tablejump2__)
d:/program files (x86)/atmel studio/7.0/toolchain/avr8/avr8-gnu-toolchain/bin/../lib/gcc/avr/4.9.2/../../../../avr/lib/avr51\libc.a(dtostrf.o)
                              display/Display.o (dtostrf)
d:/program files (x86)/atmel studio/7.0/toolchain/avr8/avr8-gnu-toolchain/bin/../lib/gcc/avr/4.9.2/../../../../avr/lib/avr51\libc.a(itoa_ncheck.o)
                              display/Display.o (__itoa_ncheck)
d:/program files (x86)/atmel studio/7.0/toolchain/avr8/avr8-gnu-toolchain/bin/../lib/gcc/avr/4.9.2/../../../../avr/lib/avr51\libc.a(utoa_ncheck.o)
                              d:/program files (x86)/atmel studio/7.0/toolchain/avr8/avr8-gnu-toolchain/bin/../lib/gcc/avr/4.9.2/../../../../avr/lib/avr51\libc.a(itoa_ncheck.o) (__utoa_common)
d:/program files (x86)/atmel studio/7.0/toolchain/avr8/avr8-gnu-toolchain/bin/../lib/gcc/avr/4.9.2/../../../../avr/lib/avr51\libc.a(dtoa_prf.o)
                              d:/program files (x86)/atmel studio/7.0/toolchain/avr8/avr8-gnu-toolchain/bin/../lib/gcc/avr/4.9.2/../../../../avr/lib/avr51\libc.a(dtostrf.o) (dtoa_prf)
d:/program files (x86)/atmel studio/7.0/toolchain/avr8/avr8-gnu-toolchain/bin/../lib/gcc/avr/4.9.2/../../../../avr/lib/avr51\libc.a(ftoa_engine.o)
                              d:/program files (x86)/atmel studio/7.0/toolchain/avr8/avr8-gnu-toolchain/bin/../lib/gcc/avr/4.9.2/../../../../avr/lib/avr51\libc.a(dtoa_prf.o) (__ftoa_engine)
d:/program files (x86)/atmel studio/7.0/toolchain/avr8/avr8-gnu-toolchain/bin/../lib/gcc/avr/4.9.2/../../../../avr/lib/avr51\libc.a(strrev.o)
                              d:/program files (x86)/atmel studio/7.0/toolchain/avr8/avr8-gnu-toolchain/bin/../lib/gcc/avr/4.9.2/../../../../avr/lib/avr51\libc.a(utoa_ncheck.o) (strrev)

Discarded input sections

 .data          0x00000000        0x0 D:/Program Files (x86)/Atmel Studio/7.0/Packs/atmel/ATmega_DFP/1.0.106/gcc/dev/atmega1284p/avr51/crtatmega1284p.o
 .bss           0x00000000        0x0 D:/Program Files (x86)/Atmel Studio/7.0/Packs/atmel/ATmega_DFP/1.0.106/gcc/dev/atmega1284p/avr51/crtatmega1284p.o
 .text          0x00000000        0x0 cube/Cube.o
 .data          0x00000000        0x0 cube/Cube.o
 .bss           0x00000000        0x0 cube/Cube.o
 .text._ZN4Cube6setRGBEhhhRK3RGB
                0x00000000      0x2d4 cube/Cube.o
 .text._ZN4Cube6setRGBEhhhhhh
                0x00000000       0x64 cube/Cube.o
 .text._ZN4Cube6setRGBERK6VectorRK3RGB
                0x00000000       0x5a cube/Cube.o
 .text._ZN4Cube6getRGBEhhh
                0x00000000       0x32 cube/Cube.o
 .text._ZN4CubeclEhhh
                0x00000000        0xa cube/Cube.o
 .rodata._ZN4Cube16m_disable_pin_noE
                0x00000000        0x1 cube/Cube.o
 .data._ZN4Cube14m_disable_portE
                0x00000000        0x2 cube/Cube.o
 .text          0x00000000        0x0 cube/CubeProxy.o
 .data          0x00000000        0x0 cube/CubeProxy.o
 .bss           0x00000000        0x0 cube/CubeProxy.o
 .text._ZN4cube9CubeProxy3setEhhh
                0x00000000        0xa cube/CubeProxy.o
 .text._ZN4cube9CubeProxyaSERK3RGB
                0x00000000       0x1c cube/CubeProxy.o
 .text._ZN4cube9CubeProxyclEv
                0x00000000       0x12 cube/CubeProxy.o
 .debug_info    0x00000000      0xb8e cube/CubeProxy.o
 .debug_abbrev  0x00000000      0x2b1 cube/CubeProxy.o
 .debug_loc     0x00000000       0xd1 cube/CubeProxy.o
 .debug_aranges
                0x00000000       0x30 cube/CubeProxy.o
 .debug_ranges  0x00000000       0x20 cube/CubeProxy.o
 .debug_line    0x00000000      0x11b cube/CubeProxy.o
 .debug_str     0x00000000      0x680 cube/CubeProxy.o
 .comment       0x00000000       0x31 cube/CubeProxy.o
 .debug_frame   0x00000000       0x50 cube/CubeProxy.o
 .text          0x00000000        0x0 cube/RGB.o
 .data          0x00000000        0x0 cube/RGB.o
 .bss           0x00000000        0x0 cube/RGB.o
 .text._ZN3RGBC2Ehhh
                0x00000000       0x10 cube/RGB.o
 .text._ZN3RGBC2ERKm
                0x00000000       0x1e cube/RGB.o
 .text._ZNK3RGBeqERKS_
                0x00000000       0x30 cube/RGB.o
 .text._ZN3RGBpLERKS_
                0x00000000       0x44 cube/RGB.o
 .text._ZNK3RGBplERKS_
                0x00000000       0x36 cube/RGB.o
 .text._ZN3RGBmIERKS_
                0x00000000       0x3e cube/RGB.o
 .text._ZNK3RGBmiERKS_
                0x00000000       0x36 cube/RGB.o
 .text._ZN3RGBmLERKS_
                0x00000000       0x6e cube/RGB.o
 .text._ZNK3RGBmlERKS_
                0x00000000       0x36 cube/RGB.o
 .text._ZN3RGBdVERKS_
                0x00000000       0x32 cube/RGB.o
 .text._ZNK3RGBdvERKS_
                0x00000000       0x36 cube/RGB.o
 .text._ZN3RGBpLEh
                0x00000000       0x2a cube/RGB.o
 .text._ZNK3RGBplEh
                0x00000000       0x36 cube/RGB.o
 .text._ZN3RGBmIEh
                0x00000000       0x2a cube/RGB.o
 .text._ZNK3RGBmiEh
                0x00000000       0x36 cube/RGB.o
 .text._ZN3RGBmLEh
                0x00000000       0x62 cube/RGB.o
 .text._ZNK3RGBmlEh
                0x00000000       0x36 cube/RGB.o
 .text._ZN3RGBmLERKf
                0x00000000       0x7e cube/RGB.o
 .text._ZNK3RGBmlERKf
                0x00000000       0x36 cube/RGB.o
 .text._ZN3RGBdVEh
                0x00000000       0x24 cube/RGB.o
 .text._ZNK3RGBdvEh
                0x00000000       0x36 cube/RGB.o
 .text._ZN3RGBdVERKf
                0x00000000       0x7e cube/RGB.o
 .text._ZNK3RGBdvERKf
                0x00000000       0x36 cube/RGB.o
 .text._ZN3RGB6randomEv
                0x00000000       0x2a cube/RGB.o
 .rodata._ZN3RGB13MAX_COLOR_RGBE
                0x00000000        0x1 cube/RGB.o
 .text          0x00000000        0x0 cube/Vector.o
 .data          0x00000000        0x0 cube/Vector.o
 .bss           0x00000000        0x0 cube/Vector.o
 .text._ZN6VectorC2Ev
                0x00000000       0x1c cube/Vector.o
 .text._ZN6VectorC2ERKfS1_S1_
                0x00000000       0x42 cube/Vector.o
 .text._ZN6VectorC2ERKS_
                0x00000000       0x40 cube/Vector.o
 .text._ZN6VectorD2Ev
                0x00000000        0x2 cube/Vector.o
 .debug_info    0x00000000      0x4bb cube/Vector.o
 .debug_abbrev  0x00000000      0x157 cube/Vector.o
 .debug_loc     0x00000000       0x7f cube/Vector.o
 .debug_aranges
                0x00000000       0x38 cube/Vector.o
 .debug_ranges  0x00000000       0x28 cube/Vector.o
 .debug_line    0x00000000       0x90 cube/Vector.o
 .debug_str     0x00000000      0x354 cube/Vector.o
 .comment       0x00000000       0x31 cube/Vector.o
 .debug_frame   0x00000000       0x60 cube/Vector.o
 .text          0x00000000        0x0 display/Display.o
 .data          0x00000000        0x0 display/Display.o
 .bss           0x00000000        0x0 display/Display.o
 .text._ZN7Display15setDisplayLightERKh
                0x00000000        0x8 display/Display.o
 .text._ZN7Display8isActiveEv
                0x00000000        0x6 display/Display.o
 .text._ZN7Display17write_instructionERKh
                0x00000000       0x52 display/Display.o
 .text._ZN7Display4initEv
                0x00000000       0xd4 display/Display.o
 .text._ZN7Display3offEv
                0x00000000       0x24 display/Display.o
 .text._ZN7Display2onEv
                0x00000000       0x28 display/Display.o
 .text._ZN7Display10write_dataERKh
                0x00000000       0x52 display/Display.o
 .text._ZN7Display10set_cursorERKhS1_
                0x00000000       0x2c display/Display.o
 .text._ZN7Display5clearEv
                0x00000000       0x64 display/Display.o
 .text._ZN7Display12write_stringEPKc
                0x00000000       0x84 display/Display.o
 .text._ZN7Display14write_string_PEPKc
                0x00000000       0x86 display/Display.o
 .text._ZN7Display3OutlsEPKc
                0x00000000       0x14 display/Display.o
 .text._ZN7Display3OutlsERKi
                0x00000000       0x4c display/Display.o
 .text._ZN7Display3OutlsERKj
                0x00000000       0x4c display/Display.o
 .text._ZN7Display3OutlsERKd
                0x00000000       0x58 display/Display.o
 .text._ZN7Display3OutlsERKb
                0x00000000       0x28 display/Display.o
 .text._ZN7Display3OutlsEc
                0x00000000       0x28 display/Display.o
 .text._ZN7Display3OutclERKhS2_
                0x00000000       0x16 display/Display.o
 .text._ZN7Display5Out_plsEPKc
                0x00000000       0x14 display/Display.o
 .text._ZN7Display5Out_plsERKi
                0x00000000       0x4c display/Display.o
 .text._ZN7Display5Out_plsERKj
                0x00000000       0x4c display/Display.o
 .text._ZN7Display5Out_plsERKd
                0x00000000       0x58 display/Display.o
 .text._ZN7Display5Out_plsERKb
                0x00000000       0x28 display/Display.o
 .text._ZN7Display5Out_plsEc
                0x00000000       0x28 display/Display.o
 .text._ZN7Display5Out_pclERKhS2_
                0x00000000       0x16 display/Display.o
 .text._ZN7Display6updateERKs
                0x00000000       0xca display/Display.o
 .progmem.data._ZZN7Display5Out_plsERKbE3__c_0
                0x00000000        0x6 display/Display.o
 .progmem.data._ZZN7Display5Out_plsERKbE3__c
                0x00000000        0x5 display/Display.o
 .progmem.data._ZZN7Display3OutlsERKbE3__c_0
                0x00000000        0x6 display/Display.o
 .progmem.data._ZZN7Display3OutlsERKbE3__c
                0x00000000        0x5 display/Display.o
 .bss._ZN7Display11m_timerFadeE
                0x00000000        0x2 display/Display.o
 .bss._ZN7Display7m_timerE
                0x00000000        0x2 display/Display.o
 .bss._ZN7Display5out_pE
                0x00000000        0x1 display/Display.o
 .bss._ZN7Display3outE
                0x00000000        0x1 display/Display.o
 .bss._ZN7Display8m_activeE
                0x00000000        0x1 display/Display.o
 .debug_info    0x00000000     0x1543 display/Display.o
 .debug_abbrev  0x00000000      0x474 display/Display.o
 .debug_loc     0x00000000     0x1255 display/Display.o
 .debug_aranges
                0x00000000       0xe8 display/Display.o
 .debug_ranges  0x00000000       0xf0 display/Display.o
 .debug_line    0x00000000      0x81c display/Display.o
 .debug_str     0x00000000      0x689 display/Display.o
 .comment       0x00000000       0x31 display/Display.o
 .debug_frame   0x00000000      0x384 display/Display.o
 .text          0x00000000        0x0 input/Input.o
 .data          0x00000000        0x0 input/Input.o
 .bss           0x00000000        0x0 input/Input.o
 .text._ZN5InputD2Ev
                0x00000000        0x2 input/Input.o
 .text._ZN5Input7clickedEv
                0x00000000       0x10 input/Input.o
 .text._ZN5Input9isPressedERKh
                0x00000000       0x70 input/Input.o
 .text._ZN5Input11getIncDeltaEv
                0x00000000       0x14 input/Input.o
 .text._GLOBAL__sub_D__ZN5Input10m_instanceE
                0x00000000        0x2 input/Input.o
 .rodata._ZN5Input15INC_CLICK_DELAYE
                0x00000000        0x2 input/Input.o
 .rodata._ZN5Input7BUTTON3E
                0x00000000        0x1 input/Input.o
 .rodata._ZN5Input7BUTTON2E
                0x00000000        0x1 input/Input.o
 .rodata._ZN5Input7BUTTON1E
                0x00000000        0x1 input/Input.o
 .rodata._ZN5Input7BUTTON0E
                0x00000000        0x1 input/Input.o
 .data._ZN5Input10BUTTON_PINE
                0x00000000        0x2 input/Input.o
 .rodata._ZN5Input13INC_TASER_PINE
                0x00000000        0x1 input/Input.o
 .rodata._ZN5Input14INC_PHASE2_PINE
                0x00000000        0x1 input/Input.o
 .rodata._ZN5Input14INC_PHASE1_PINE
                0x00000000        0x1 input/Input.o
 .text          0x00000000        0x0 main.o
 .data          0x00000000        0x0 main.o
 .bss           0x00000000        0x0 main.o
 .text._Z9ledTogglev
                0x00000000        0xa main.o
 .text._Z15initCubeRoutinev
                0x00000000       0x26 main.o
 .text._Z2msv   0x00000000       0x22 main.o
 .text._Z6colorsv
                0x00000000      0x1bc main.o
 .progmem.data._ZZ6colorsvE3__c_1
                0x00000000       0x11 main.o
 .progmem.data._ZZ6colorsvE3__c_0
                0x00000000        0x7 main.o
 .progmem.data._ZZ6colorsvE3__c
                0x00000000        0x5 main.o
 .text          0x00000000        0x0 sensors/Temperatur.o
 .data          0x00000000        0x0 sensors/Temperatur.o
 .bss           0x00000000        0x0 sensors/Temperatur.o
 .text._ZN10Temperatur3getEPc
                0x00000000       0x18 sensors/Temperatur.o
 .text          0x00000000        0x0 util/Random.o
 .data          0x00000000        0x0 util/Random.o
 .bss           0x00000000        0x0 util/Random.o
 .text._Z5rnd16v
                0x00000000       0x88 util/Random.o
 .text._Z5rnd16RKj
                0x00000000       0x18 util/Random.o
 .text._Z3rndv  0x00000000       0x9a util/Random.o
 .text._Z4rndFv
                0x00000000       0x1e util/Random.o
 .text._Z3rndRKh
                0x00000000       0x18 util/Random.o
 .text._Z7rnd16_8v
                0x00000000       0x1e util/Random.o
 .text._Z7rnd8_16v
                0x00000000       0x10 util/Random.o
 .progmem.data._ZN6Random7shift16E
                0x00000000        0x9 util/Random.o
 .bss._ZN6Random11cur_shift16E
                0x00000000        0x1 util/Random.o
 .bss._ZN6Random15request_count16E
                0x00000000        0x2 util/Random.o
 .data._ZN6Random3y16E
                0x00000000        0x2 util/Random.o
 .progmem.data._ZN6Random5shiftE
                0x00000000       0x48 util/Random.o
 .bss._ZN6Random13request_countE
                0x00000000        0x1 util/Random.o
 .bss._ZN6Random9cur_shiftE
                0x00000000        0x1 util/Random.o
 .text          0x00000000        0x0 d:/program files (x86)/atmel studio/7.0/toolchain/avr8/avr8-gnu-toolchain/bin/../lib/gcc/avr/4.9.2/../../../../avr/lib/avr51\libm.a(addsf3.o)
 .data          0x00000000        0x0 d:/program files (x86)/atmel studio/7.0/toolchain/avr8/avr8-gnu-toolchain/bin/../lib/gcc/avr/4.9.2/../../../../avr/lib/avr51\libm.a(addsf3.o)
 .bss           0x00000000        0x0 d:/program files (x86)/atmel studio/7.0/toolchain/avr8/avr8-gnu-toolchain/bin/../lib/gcc/avr/4.9.2/../../../../avr/lib/avr51\libm.a(addsf3.o)
 .text          0x00000000        0x0 d:/program files (x86)/atmel studio/7.0/toolchain/avr8/avr8-gnu-toolchain/bin/../lib/gcc/avr/4.9.2/../../../../avr/lib/avr51\libm.a(addsf3x.o)
 .data          0x00000000        0x0 d:/program files (x86)/atmel studio/7.0/toolchain/avr8/avr8-gnu-toolchain/bin/../lib/gcc/avr/4.9.2/../../../../avr/lib/avr51\libm.a(addsf3x.o)
 .bss           0x00000000        0x0 d:/program files (x86)/atmel studio/7.0/toolchain/avr8/avr8-gnu-toolchain/bin/../lib/gcc/avr/4.9.2/../../../../avr/lib/avr51\libm.a(addsf3x.o)
 .text          0x00000000        0x0 d:/program files (x86)/atmel studio/7.0/toolchain/avr8/avr8-gnu-toolchain/bin/../lib/gcc/avr/4.9.2/../../../../avr/lib/avr51\libm.a(divsf3.o)
 .data          0x00000000        0x0 d:/program files (x86)/atmel studio/7.0/toolchain/avr8/avr8-gnu-toolchain/bin/../lib/gcc/avr/4.9.2/../../../../avr/lib/avr51\libm.a(divsf3.o)
 .bss           0x00000000        0x0 d:/program files (x86)/atmel studio/7.0/toolchain/avr8/avr8-gnu-toolchain/bin/../lib/gcc/avr/4.9.2/../../../../avr/lib/avr51\libm.a(divsf3.o)
 .text.avr-libc.fplib
                0x00000000        0x8 d:/program files (x86)/atmel studio/7.0/toolchain/avr8/avr8-gnu-toolchain/bin/../lib/gcc/avr/4.9.2/../../../../avr/lib/avr51\libm.a(divsf3.o)
 .text          0x00000000        0x0 d:/program files (x86)/atmel studio/7.0/toolchain/avr8/avr8-gnu-toolchain/bin/../lib/gcc/avr/4.9.2/../../../../avr/lib/avr51\libm.a(divsf3x.o)
 .data          0x00000000        0x0 d:/program files (x86)/atmel studio/7.0/toolchain/avr8/avr8-gnu-toolchain/bin/../lib/gcc/avr/4.9.2/../../../../avr/lib/avr51\libm.a(divsf3x.o)
 .bss           0x00000000        0x0 d:/program files (x86)/atmel studio/7.0/toolchain/avr8/avr8-gnu-toolchain/bin/../lib/gcc/avr/4.9.2/../../../../avr/lib/avr51\libm.a(divsf3x.o)
 .text.avr-libc.fplib
                0x00000000       0xdc d:/program files (x86)/atmel studio/7.0/toolchain/avr8/avr8-gnu-toolchain/bin/../lib/gcc/avr/4.9.2/../../../../avr/lib/avr51\libm.a(divsf3x.o)
 .text          0x00000000        0x0 d:/program files (x86)/atmel studio/7.0/toolchain/avr8/avr8-gnu-toolchain/bin/../lib/gcc/avr/4.9.2/../../../../avr/lib/avr51\libm.a(fixunssfsi.o)
 .data          0x00000000        0x0 d:/program files (x86)/atmel studio/7.0/toolchain/avr8/avr8-gnu-toolchain/bin/../lib/gcc/avr/4.9.2/../../../../avr/lib/avr51\libm.a(fixunssfsi.o)
 .bss           0x00000000        0x0 d:/program files (x86)/atmel studio/7.0/toolchain/avr8/avr8-gnu-toolchain/bin/../lib/gcc/avr/4.9.2/../../../../avr/lib/avr51\libm.a(fixunssfsi.o)
 .text          0x00000000        0x0 d:/program files (x86)/atmel studio/7.0/toolchain/avr8/avr8-gnu-toolchain/bin/../lib/gcc/avr/4.9.2/../../../../avr/lib/avr51\libm.a(floatsisf.o)
 .data          0x00000000        0x0 d:/program files (x86)/atmel studio/7.0/toolchain/avr8/avr8-gnu-toolchain/bin/../lib/gcc/avr/4.9.2/../../../../avr/lib/avr51\libm.a(floatsisf.o)
 .bss           0x00000000        0x0 d:/program files (x86)/atmel studio/7.0/toolchain/avr8/avr8-gnu-toolchain/bin/../lib/gcc/avr/4.9.2/../../../../avr/lib/avr51\libm.a(floatsisf.o)
 .text          0x00000000        0x0 d:/program files (x86)/atmel studio/7.0/toolchain/avr8/avr8-gnu-toolchain/bin/../lib/gcc/avr/4.9.2/../../../../avr/lib/avr51\libm.a(fp_inf.o)
 .data          0x00000000        0x0 d:/program files (x86)/atmel studio/7.0/toolchain/avr8/avr8-gnu-toolchain/bin/../lib/gcc/avr/4.9.2/../../../../avr/lib/avr51\libm.a(fp_inf.o)
 .bss           0x00000000        0x0 d:/program files (x86)/atmel studio/7.0/toolchain/avr8/avr8-gnu-toolchain/bin/../lib/gcc/avr/4.9.2/../../../../avr/lib/avr51\libm.a(fp_inf.o)
 .text          0x00000000        0x0 d:/program files (x86)/atmel studio/7.0/toolchain/avr8/avr8-gnu-toolchain/bin/../lib/gcc/avr/4.9.2/../../../../avr/lib/avr51\libm.a(fp_nan.o)
 .data          0x00000000        0x0 d:/program files (x86)/atmel studio/7.0/toolchain/avr8/avr8-gnu-toolchain/bin/../lib/gcc/avr/4.9.2/../../../../avr/lib/avr51\libm.a(fp_nan.o)
 .bss           0x00000000        0x0 d:/program files (x86)/atmel studio/7.0/toolchain/avr8/avr8-gnu-toolchain/bin/../lib/gcc/avr/4.9.2/../../../../avr/lib/avr51\libm.a(fp_nan.o)
 .text          0x00000000        0x0 d:/program files (x86)/atmel studio/7.0/toolchain/avr8/avr8-gnu-toolchain/bin/../lib/gcc/avr/4.9.2/../../../../avr/lib/avr51\libm.a(fp_pscA.o)
 .data          0x00000000        0x0 d:/program files (x86)/atmel studio/7.0/toolchain/avr8/avr8-gnu-toolchain/bin/../lib/gcc/avr/4.9.2/../../../../avr/lib/avr51\libm.a(fp_pscA.o)
 .bss           0x00000000        0x0 d:/program files (x86)/atmel studio/7.0/toolchain/avr8/avr8-gnu-toolchain/bin/../lib/gcc/avr/4.9.2/../../../../avr/lib/avr51\libm.a(fp_pscA.o)
 .text          0x00000000        0x0 d:/program files (x86)/atmel studio/7.0/toolchain/avr8/avr8-gnu-toolchain/bin/../lib/gcc/avr/4.9.2/../../../../avr/lib/avr51\libm.a(fp_pscB.o)
 .data          0x00000000        0x0 d:/program files (x86)/atmel studio/7.0/toolchain/avr8/avr8-gnu-toolchain/bin/../lib/gcc/avr/4.9.2/../../../../avr/lib/avr51\libm.a(fp_pscB.o)
 .bss           0x00000000        0x0 d:/program files (x86)/atmel studio/7.0/toolchain/avr8/avr8-gnu-toolchain/bin/../lib/gcc/avr/4.9.2/../../../../avr/lib/avr51\libm.a(fp_pscB.o)
 .text          0x00000000        0x0 d:/program files (x86)/atmel studio/7.0/toolchain/avr8/avr8-gnu-toolchain/bin/../lib/gcc/avr/4.9.2/../../../../avr/lib/avr51\libm.a(fp_round.o)
 .data          0x00000000        0x0 d:/program files (x86)/atmel studio/7.0/toolchain/avr8/avr8-gnu-toolchain/bin/../lib/gcc/avr/4.9.2/../../../../avr/lib/avr51\libm.a(fp_round.o)
 .bss           0x00000000        0x0 d:/program files (x86)/atmel studio/7.0/toolchain/avr8/avr8-gnu-toolchain/bin/../lib/gcc/avr/4.9.2/../../../../avr/lib/avr51\libm.a(fp_round.o)
 .text          0x00000000        0x0 d:/program files (x86)/atmel studio/7.0/toolchain/avr8/avr8-gnu-toolchain/bin/../lib/gcc/avr/4.9.2/../../../../avr/lib/avr51\libm.a(fp_split3.o)
 .data          0x00000000        0x0 d:/program files (x86)/atmel studio/7.0/toolchain/avr8/avr8-gnu-toolchain/bin/../lib/gcc/avr/4.9.2/../../../../avr/lib/avr51\libm.a(fp_split3.o)
 .bss           0x00000000        0x0 d:/program files (x86)/atmel studio/7.0/toolchain/avr8/avr8-gnu-toolchain/bin/../lib/gcc/avr/4.9.2/../../../../avr/lib/avr51\libm.a(fp_split3.o)
 .text          0x00000000        0x0 d:/program files (x86)/atmel studio/7.0/toolchain/avr8/avr8-gnu-toolchain/bin/../lib/gcc/avr/4.9.2/../../../../avr/lib/avr51\libm.a(fp_zero.o)
 .data          0x00000000        0x0 d:/program files (x86)/atmel studio/7.0/toolchain/avr8/avr8-gnu-toolchain/bin/../lib/gcc/avr/4.9.2/../../../../avr/lib/avr51\libm.a(fp_zero.o)
 .bss           0x00000000        0x0 d:/program files (x86)/atmel studio/7.0/toolchain/avr8/avr8-gnu-toolchain/bin/../lib/gcc/avr/4.9.2/../../../../avr/lib/avr51\libm.a(fp_zero.o)
 .text          0x00000000        0x0 d:/program files (x86)/atmel studio/7.0/toolchain/avr8/avr8-gnu-toolchain/bin/../lib/gcc/avr/4.9.2/../../../../avr/lib/avr51\libm.a(mulsf3.o)
 .data          0x00000000        0x0 d:/program files (x86)/atmel studio/7.0/toolchain/avr8/avr8-gnu-toolchain/bin/../lib/gcc/avr/4.9.2/../../../../avr/lib/avr51\libm.a(mulsf3.o)
 .bss           0x00000000        0x0 d:/program files (x86)/atmel studio/7.0/toolchain/avr8/avr8-gnu-toolchain/bin/../lib/gcc/avr/4.9.2/../../../../avr/lib/avr51\libm.a(mulsf3.o)
 .text          0x00000000        0x0 d:/program files (x86)/atmel studio/7.0/toolchain/avr8/avr8-gnu-toolchain/bin/../lib/gcc/avr/4.9.2/../../../../avr/lib/avr51\libm.a(mulsf3x.o)
 .data          0x00000000        0x0 d:/program files (x86)/atmel studio/7.0/toolchain/avr8/avr8-gnu-toolchain/bin/../lib/gcc/avr/4.9.2/../../../../avr/lib/avr51\libm.a(mulsf3x.o)
 .bss           0x00000000        0x0 d:/program files (x86)/atmel studio/7.0/toolchain/avr8/avr8-gnu-toolchain/bin/../lib/gcc/avr/4.9.2/../../../../avr/lib/avr51\libm.a(mulsf3x.o)
 .text          0x00000000        0x0 d:/program files (x86)/atmel studio/7.0/toolchain/avr8/avr8-gnu-toolchain/bin/../lib/gcc/avr/4.9.2/avr51\libgcc.a(_udivmodqi4.o)
 .data          0x00000000        0x0 d:/program files (x86)/atmel studio/7.0/toolchain/avr8/avr8-gnu-toolchain/bin/../lib/gcc/avr/4.9.2/avr51\libgcc.a(_udivmodqi4.o)
 .bss           0x00000000        0x0 d:/program files (x86)/atmel studio/7.0/toolchain/avr8/avr8-gnu-toolchain/bin/../lib/gcc/avr/4.9.2/avr51\libgcc.a(_udivmodqi4.o)
 .text.libgcc.mul
                0x00000000        0x0 d:/program files (x86)/atmel studio/7.0/toolchain/avr8/avr8-gnu-toolchain/bin/../lib/gcc/avr/4.9.2/avr51\libgcc.a(_udivmodqi4.o)
 .text.libgcc.div
                0x00000000       0x18 d:/program files (x86)/atmel studio/7.0/toolchain/avr8/avr8-gnu-toolchain/bin/../lib/gcc/avr/4.9.2/avr51\libgcc.a(_udivmodqi4.o)
 .text.libgcc   0x00000000        0x0 d:/program files (x86)/atmel studio/7.0/toolchain/avr8/avr8-gnu-toolchain/bin/../lib/gcc/avr/4.9.2/avr51\libgcc.a(_udivmodqi4.o)
 .text.libgcc.prologue
                0x00000000        0x0 d:/program files (x86)/atmel studio/7.0/toolchain/avr8/avr8-gnu-toolchain/bin/../lib/gcc/avr/4.9.2/avr51\libgcc.a(_udivmodqi4.o)
 .text.libgcc.builtins
                0x00000000        0x0 d:/program files (x86)/atmel studio/7.0/toolchain/avr8/avr8-gnu-toolchain/bin/../lib/gcc/avr/4.9.2/avr51\libgcc.a(_udivmodqi4.o)
 .text.libgcc.fmul
                0x00000000        0x0 d:/program files (x86)/atmel studio/7.0/toolchain/avr8/avr8-gnu-toolchain/bin/../lib/gcc/avr/4.9.2/avr51\libgcc.a(_udivmodqi4.o)
 .text.libgcc.fixed
                0x00000000        0x0 d:/program files (x86)/atmel studio/7.0/toolchain/avr8/avr8-gnu-toolchain/bin/../lib/gcc/avr/4.9.2/avr51\libgcc.a(_udivmodqi4.o)
 .text          0x00000000        0x0 d:/program files (x86)/atmel studio/7.0/toolchain/avr8/avr8-gnu-toolchain/bin/../lib/gcc/avr/4.9.2/avr51\libgcc.a(_udivmodhi4.o)
 .data          0x00000000        0x0 d:/program files (x86)/atmel studio/7.0/toolchain/avr8/avr8-gnu-toolchain/bin/../lib/gcc/avr/4.9.2/avr51\libgcc.a(_udivmodhi4.o)
 .bss           0x00000000        0x0 d:/program files (x86)/atmel studio/7.0/toolchain/avr8/avr8-gnu-toolchain/bin/../lib/gcc/avr/4.9.2/avr51\libgcc.a(_udivmodhi4.o)
 .text.libgcc.mul
                0x00000000        0x0 d:/program files (x86)/atmel studio/7.0/toolchain/avr8/avr8-gnu-toolchain/bin/../lib/gcc/avr/4.9.2/avr51\libgcc.a(_udivmodhi4.o)
 .text.libgcc.div
                0x00000000       0x28 d:/program files (x86)/atmel studio/7.0/toolchain/avr8/avr8-gnu-toolchain/bin/../lib/gcc/avr/4.9.2/avr51\libgcc.a(_udivmodhi4.o)
 .text.libgcc   0x00000000        0x0 d:/program files (x86)/atmel studio/7.0/toolchain/avr8/avr8-gnu-toolchain/bin/../lib/gcc/avr/4.9.2/avr51\libgcc.a(_udivmodhi4.o)
 .text.libgcc.prologue
                0x00000000        0x0 d:/program files (x86)/atmel studio/7.0/toolchain/avr8/avr8-gnu-toolchain/bin/../lib/gcc/avr/4.9.2/avr51\libgcc.a(_udivmodhi4.o)
 .text.libgcc.builtins
                0x00000000        0x0 d:/program files (x86)/atmel studio/7.0/toolchain/avr8/avr8-gnu-toolchain/bin/../lib/gcc/avr/4.9.2/avr51\libgcc.a(_udivmodhi4.o)
 .text.libgcc.fmul
                0x00000000        0x0 d:/program files (x86)/atmel studio/7.0/toolchain/avr8/avr8-gnu-toolchain/bin/../lib/gcc/avr/4.9.2/avr51\libgcc.a(_udivmodhi4.o)
 .text.libgcc.fixed
                0x00000000        0x0 d:/program files (x86)/atmel studio/7.0/toolchain/avr8/avr8-gnu-toolchain/bin/../lib/gcc/avr/4.9.2/avr51\libgcc.a(_udivmodhi4.o)
 .text          0x00000000        0x0 d:/program files (x86)/atmel studio/7.0/toolchain/avr8/avr8-gnu-toolchain/bin/../lib/gcc/avr/4.9.2/avr51\libgcc.a(_exit.o)
 .data          0x00000000        0x0 d:/program files (x86)/atmel studio/7.0/toolchain/avr8/avr8-gnu-toolchain/bin/../lib/gcc/avr/4.9.2/avr51\libgcc.a(_exit.o)
 .bss           0x00000000        0x0 d:/program files (x86)/atmel studio/7.0/toolchain/avr8/avr8-gnu-toolchain/bin/../lib/gcc/avr/4.9.2/avr51\libgcc.a(_exit.o)
 .text.libgcc.mul
                0x00000000        0x0 d:/program files (x86)/atmel studio/7.0/toolchain/avr8/avr8-gnu-toolchain/bin/../lib/gcc/avr/4.9.2/avr51\libgcc.a(_exit.o)
 .text.libgcc.div
                0x00000000        0x0 d:/program files (x86)/atmel studio/7.0/toolchain/avr8/avr8-gnu-toolchain/bin/../lib/gcc/avr/4.9.2/avr51\libgcc.a(_exit.o)
 .text.libgcc   0x00000000        0x0 d:/program files (x86)/atmel studio/7.0/toolchain/avr8/avr8-gnu-toolchain/bin/../lib/gcc/avr/4.9.2/avr51\libgcc.a(_exit.o)
 .text.libgcc.prologue
                0x00000000        0x0 d:/program files (x86)/atmel studio/7.0/toolchain/avr8/avr8-gnu-toolchain/bin/../lib/gcc/avr/4.9.2/avr51\libgcc.a(_exit.o)
 .text.libgcc.builtins
                0x00000000        0x0 d:/program files (x86)/atmel studio/7.0/toolchain/avr8/avr8-gnu-toolchain/bin/../lib/gcc/avr/4.9.2/avr51\libgcc.a(_exit.o)
 .text.libgcc.fmul
                0x00000000        0x0 d:/program files (x86)/atmel studio/7.0/toolchain/avr8/avr8-gnu-toolchain/bin/../lib/gcc/avr/4.9.2/avr51\libgcc.a(_exit.o)
 .text.libgcc.fixed
                0x00000000        0x0 d:/program files (x86)/atmel studio/7.0/toolchain/avr8/avr8-gnu-toolchain/bin/../lib/gcc/avr/4.9.2/avr51\libgcc.a(_exit.o)
 .text          0x00000000        0x0 d:/program files (x86)/atmel studio/7.0/toolchain/avr8/avr8-gnu-toolchain/bin/../lib/gcc/avr/4.9.2/avr51\libgcc.a(_copy_data.o)
 .data          0x00000000        0x0 d:/program files (x86)/atmel studio/7.0/toolchain/avr8/avr8-gnu-toolchain/bin/../lib/gcc/avr/4.9.2/avr51\libgcc.a(_copy_data.o)
 .bss           0x00000000        0x0 d:/program files (x86)/atmel studio/7.0/toolchain/avr8/avr8-gnu-toolchain/bin/../lib/gcc/avr/4.9.2/avr51\libgcc.a(_copy_data.o)
 .text.libgcc.mul
                0x00000000        0x0 d:/program files (x86)/atmel studio/7.0/toolchain/avr8/avr8-gnu-toolchain/bin/../lib/gcc/avr/4.9.2/avr51\libgcc.a(_copy_data.o)
 .text.libgcc.div
                0x00000000        0x0 d:/program files (x86)/atmel studio/7.0/toolchain/avr8/avr8-gnu-toolchain/bin/../lib/gcc/avr/4.9.2/avr51\libgcc.a(_copy_data.o)
 .text.libgcc   0x00000000        0x0 d:/program files (x86)/atmel studio/7.0/toolchain/avr8/avr8-gnu-toolchain/bin/../lib/gcc/avr/4.9.2/avr51\libgcc.a(_copy_data.o)
 .text.libgcc.prologue
                0x00000000        0x0 d:/program files (x86)/atmel studio/7.0/toolchain/avr8/avr8-gnu-toolchain/bin/../lib/gcc/avr/4.9.2/avr51\libgcc.a(_copy_data.o)
 .text.libgcc.builtins
                0x00000000        0x0 d:/program files (x86)/atmel studio/7.0/toolchain/avr8/avr8-gnu-toolchain/bin/../lib/gcc/avr/4.9.2/avr51\libgcc.a(_copy_data.o)
 .text.libgcc.fmul
                0x00000000        0x0 d:/program files (x86)/atmel studio/7.0/toolchain/avr8/avr8-gnu-toolchain/bin/../lib/gcc/avr/4.9.2/avr51\libgcc.a(_copy_data.o)
 .text.libgcc.fixed
                0x00000000        0x0 d:/program files (x86)/atmel studio/7.0/toolchain/avr8/avr8-gnu-toolchain/bin/../lib/gcc/avr/4.9.2/avr51\libgcc.a(_copy_data.o)
 .text          0x00000000        0x0 d:/program files (x86)/atmel studio/7.0/toolchain/avr8/avr8-gnu-toolchain/bin/../lib/gcc/avr/4.9.2/avr51\libgcc.a(_clear_bss.o)
 .data          0x00000000        0x0 d:/program files (x86)/atmel studio/7.0/toolchain/avr8/avr8-gnu-toolchain/bin/../lib/gcc/avr/4.9.2/avr51\libgcc.a(_clear_bss.o)
 .bss           0x00000000        0x0 d:/program files (x86)/atmel studio/7.0/toolchain/avr8/avr8-gnu-toolchain/bin/../lib/gcc/avr/4.9.2/avr51\libgcc.a(_clear_bss.o)
 .text.libgcc.mul
                0x00000000        0x0 d:/program files (x86)/atmel studio/7.0/toolchain/avr8/avr8-gnu-toolchain/bin/../lib/gcc/avr/4.9.2/avr51\libgcc.a(_clear_bss.o)
 .text.libgcc.div
                0x00000000        0x0 d:/program files (x86)/atmel studio/7.0/toolchain/avr8/avr8-gnu-toolchain/bin/../lib/gcc/avr/4.9.2/avr51\libgcc.a(_clear_bss.o)
 .text.libgcc   0x00000000        0x0 d:/program files (x86)/atmel studio/7.0/toolchain/avr8/avr8-gnu-toolchain/bin/../lib/gcc/avr/4.9.2/avr51\libgcc.a(_clear_bss.o)
 .text.libgcc.prologue
                0x00000000        0x0 d:/program files (x86)/atmel studio/7.0/toolchain/avr8/avr8-gnu-toolchain/bin/../lib/gcc/avr/4.9.2/avr51\libgcc.a(_clear_bss.o)
 .text.libgcc.builtins
                0x00000000        0x0 d:/program files (x86)/atmel studio/7.0/toolchain/avr8/avr8-gnu-toolchain/bin/../lib/gcc/avr/4.9.2/avr51\libgcc.a(_clear_bss.o)
 .text.libgcc.fmul
                0x00000000        0x0 d:/program files (x86)/atmel studio/7.0/toolchain/avr8/avr8-gnu-toolchain/bin/../lib/gcc/avr/4.9.2/avr51\libgcc.a(_clear_bss.o)
 .text.libgcc.fixed
                0x00000000        0x0 d:/program files (x86)/atmel studio/7.0/toolchain/avr8/avr8-gnu-toolchain/bin/../lib/gcc/avr/4.9.2/avr51\libgcc.a(_clear_bss.o)
 .text          0x00000000        0x0 d:/program files (x86)/atmel studio/7.0/toolchain/avr8/avr8-gnu-toolchain/bin/../lib/gcc/avr/4.9.2/avr51\libgcc.a(_ctors.o)
 .data          0x00000000        0x0 d:/program files (x86)/atmel studio/7.0/toolchain/avr8/avr8-gnu-toolchain/bin/../lib/gcc/avr/4.9.2/avr51\libgcc.a(_ctors.o)
 .bss           0x00000000        0x0 d:/program files (x86)/atmel studio/7.0/toolchain/avr8/avr8-gnu-toolchain/bin/../lib/gcc/avr/4.9.2/avr51\libgcc.a(_ctors.o)
 .text.libgcc.mul
                0x00000000        0x0 d:/program files (x86)/atmel studio/7.0/toolchain/avr8/avr8-gnu-toolchain/bin/../lib/gcc/avr/4.9.2/avr51\libgcc.a(_ctors.o)
 .text.libgcc.div
                0x00000000        0x0 d:/program files (x86)/atmel studio/7.0/toolchain/avr8/avr8-gnu-toolchain/bin/../lib/gcc/avr/4.9.2/avr51\libgcc.a(_ctors.o)
 .text.libgcc   0x00000000        0x0 d:/program files (x86)/atmel studio/7.0/toolchain/avr8/avr8-gnu-toolchain/bin/../lib/gcc/avr/4.9.2/avr51\libgcc.a(_ctors.o)
 .text.libgcc.prologue
                0x00000000        0x0 d:/program files (x86)/atmel studio/7.0/toolchain/avr8/avr8-gnu-toolchain/bin/../lib/gcc/avr/4.9.2/avr51\libgcc.a(_ctors.o)
 .text.libgcc.builtins
                0x00000000        0x0 d:/program files (x86)/atmel studio/7.0/toolchain/avr8/avr8-gnu-toolchain/bin/../lib/gcc/avr/4.9.2/avr51\libgcc.a(_ctors.o)
 .text.libgcc.fmul
                0x00000000        0x0 d:/program files (x86)/atmel studio/7.0/toolchain/avr8/avr8-gnu-toolchain/bin/../lib/gcc/avr/4.9.2/avr51\libgcc.a(_ctors.o)
 .text.libgcc.fixed
                0x00000000        0x0 d:/program files (x86)/atmel studio/7.0/toolchain/avr8/avr8-gnu-toolchain/bin/../lib/gcc/avr/4.9.2/avr51\libgcc.a(_ctors.o)
 .text          0x00000000        0x0 d:/program files (x86)/atmel studio/7.0/toolchain/avr8/avr8-gnu-toolchain/bin/../lib/gcc/avr/4.9.2/avr51\libgcc.a(_adddi3_s8.o)
 .data          0x00000000        0x0 d:/program files (x86)/atmel studio/7.0/toolchain/avr8/avr8-gnu-toolchain/bin/../lib/gcc/avr/4.9.2/avr51\libgcc.a(_adddi3_s8.o)
 .bss           0x00000000        0x0 d:/program files (x86)/atmel studio/7.0/toolchain/avr8/avr8-gnu-toolchain/bin/../lib/gcc/avr/4.9.2/avr51\libgcc.a(_adddi3_s8.o)
 .text.libgcc.mul
                0x00000000        0x0 d:/program files (x86)/atmel studio/7.0/toolchain/avr8/avr8-gnu-toolchain/bin/../lib/gcc/avr/4.9.2/avr51\libgcc.a(_adddi3_s8.o)
 .text.libgcc.div
                0x00000000        0x0 d:/program files (x86)/atmel studio/7.0/toolchain/avr8/avr8-gnu-toolchain/bin/../lib/gcc/avr/4.9.2/avr51\libgcc.a(_adddi3_s8.o)
 .text.libgcc.prologue
                0x00000000        0x0 d:/program files (x86)/atmel studio/7.0/toolchain/avr8/avr8-gnu-toolchain/bin/../lib/gcc/avr/4.9.2/avr51\libgcc.a(_adddi3_s8.o)
 .text.libgcc.builtins
                0x00000000        0x0 d:/program files (x86)/atmel studio/7.0/toolchain/avr8/avr8-gnu-toolchain/bin/../lib/gcc/avr/4.9.2/avr51\libgcc.a(_adddi3_s8.o)
 .text.libgcc.fmul
                0x00000000        0x0 d:/program files (x86)/atmel studio/7.0/toolchain/avr8/avr8-gnu-toolchain/bin/../lib/gcc/avr/4.9.2/avr51\libgcc.a(_adddi3_s8.o)
 .text.libgcc.fixed
                0x00000000        0x0 d:/program files (x86)/atmel studio/7.0/toolchain/avr8/avr8-gnu-toolchain/bin/../lib/gcc/avr/4.9.2/avr51\libgcc.a(_adddi3_s8.o)
 .text          0x00000000        0x0 d:/program files (x86)/atmel studio/7.0/toolchain/avr8/avr8-gnu-toolchain/bin/../lib/gcc/avr/4.9.2/avr51\libgcc.a(_tablejump2.o)
 .data          0x00000000        0x0 d:/program files (x86)/atmel studio/7.0/toolchain/avr8/avr8-gnu-toolchain/bin/../lib/gcc/avr/4.9.2/avr51\libgcc.a(_tablejump2.o)
 .bss           0x00000000        0x0 d:/program files (x86)/atmel studio/7.0/toolchain/avr8/avr8-gnu-toolchain/bin/../lib/gcc/avr/4.9.2/avr51\libgcc.a(_tablejump2.o)
 .text.libgcc.mul
                0x00000000        0x0 d:/program files (x86)/atmel studio/7.0/toolchain/avr8/avr8-gnu-toolchain/bin/../lib/gcc/avr/4.9.2/avr51\libgcc.a(_tablejump2.o)
 .text.libgcc.div
                0x00000000        0x0 d:/program files (x86)/atmel studio/7.0/toolchain/avr8/avr8-gnu-toolchain/bin/../lib/gcc/avr/4.9.2/avr51\libgcc.a(_tablejump2.o)
 .text.libgcc.prologue
                0x00000000        0x0 d:/program files (x86)/atmel studio/7.0/toolchain/avr8/avr8-gnu-toolchain/bin/../lib/gcc/avr/4.9.2/avr51\libgcc.a(_tablejump2.o)
 .text.libgcc.builtins
                0x00000000        0x0 d:/program files (x86)/atmel studio/7.0/toolchain/avr8/avr8-gnu-toolchain/bin/../lib/gcc/avr/4.9.2/avr51\libgcc.a(_tablejump2.o)
 .text.libgcc.fmul
                0x00000000        0x0 d:/program files (x86)/atmel studio/7.0/toolchain/avr8/avr8-gnu-toolchain/bin/../lib/gcc/avr/4.9.2/avr51\libgcc.a(_tablejump2.o)
 .text.libgcc.fixed
                0x00000000        0x0 d:/program files (x86)/atmel studio/7.0/toolchain/avr8/avr8-gnu-toolchain/bin/../lib/gcc/avr/4.9.2/avr51\libgcc.a(_tablejump2.o)
 .text          0x00000000        0x0 d:/program files (x86)/atmel studio/7.0/toolchain/avr8/avr8-gnu-toolchain/bin/../lib/gcc/avr/4.9.2/../../../../avr/lib/avr51\libc.a(dtostrf.o)
 .data          0x00000000        0x0 d:/program files (x86)/atmel studio/7.0/toolchain/avr8/avr8-gnu-toolchain/bin/../lib/gcc/avr/4.9.2/../../../../avr/lib/avr51\libc.a(dtostrf.o)
 .bss           0x00000000        0x0 d:/program files (x86)/atmel studio/7.0/toolchain/avr8/avr8-gnu-toolchain/bin/../lib/gcc/avr/4.9.2/../../../../avr/lib/avr51\libc.a(dtostrf.o)
 .text.avr-libc
                0x00000000       0x40 d:/program files (x86)/atmel studio/7.0/toolchain/avr8/avr8-gnu-toolchain/bin/../lib/gcc/avr/4.9.2/../../../../avr/lib/avr51\libc.a(dtostrf.o)
 .comment       0x00000000       0x31 d:/program files (x86)/atmel studio/7.0/toolchain/avr8/avr8-gnu-toolchain/bin/../lib/gcc/avr/4.9.2/../../../../avr/lib/avr51\libc.a(dtostrf.o)
 .text          0x00000000        0x0 d:/program files (x86)/atmel studio/7.0/toolchain/avr8/avr8-gnu-toolchain/bin/../lib/gcc/avr/4.9.2/../../../../avr/lib/avr51\libc.a(itoa_ncheck.o)
 .data          0x00000000        0x0 d:/program files (x86)/atmel studio/7.0/toolchain/avr8/avr8-gnu-toolchain/bin/../lib/gcc/avr/4.9.2/../../../../avr/lib/avr51\libc.a(itoa_ncheck.o)
 .bss           0x00000000        0x0 d:/program files (x86)/atmel studio/7.0/toolchain/avr8/avr8-gnu-toolchain/bin/../lib/gcc/avr/4.9.2/../../../../avr/lib/avr51\libc.a(itoa_ncheck.o)
 .text.avr-libc
                0x00000000       0x16 d:/program files (x86)/atmel studio/7.0/toolchain/avr8/avr8-gnu-toolchain/bin/../lib/gcc/avr/4.9.2/../../../../avr/lib/avr51\libc.a(itoa_ncheck.o)
 .text          0x00000000        0x0 d:/program files (x86)/atmel studio/7.0/toolchain/avr8/avr8-gnu-toolchain/bin/../lib/gcc/avr/4.9.2/../../../../avr/lib/avr51\libc.a(utoa_ncheck.o)
 .data          0x00000000        0x0 d:/program files (x86)/atmel studio/7.0/toolchain/avr8/avr8-gnu-toolchain/bin/../lib/gcc/avr/4.9.2/../../../../avr/lib/avr51\libc.a(utoa_ncheck.o)
 .bss           0x00000000        0x0 d:/program files (x86)/atmel studio/7.0/toolchain/avr8/avr8-gnu-toolchain/bin/../lib/gcc/avr/4.9.2/../../../../avr/lib/avr51\libc.a(utoa_ncheck.o)
 .text.avr-libc
                0x00000000       0x34 d:/program files (x86)/atmel studio/7.0/toolchain/avr8/avr8-gnu-toolchain/bin/../lib/gcc/avr/4.9.2/../../../../avr/lib/avr51\libc.a(utoa_ncheck.o)
 .text          0x00000000        0x0 d:/program files (x86)/atmel studio/7.0/toolchain/avr8/avr8-gnu-toolchain/bin/../lib/gcc/avr/4.9.2/../../../../avr/lib/avr51\libc.a(dtoa_prf.o)
 .data          0x00000000        0x0 d:/program files (x86)/atmel studio/7.0/toolchain/avr8/avr8-gnu-toolchain/bin/../lib/gcc/avr/4.9.2/../../../../avr/lib/avr51\libc.a(dtoa_prf.o)
 .bss           0x00000000        0x0 d:/program files (x86)/atmel studio/7.0/toolchain/avr8/avr8-gnu-toolchain/bin/../lib/gcc/avr/4.9.2/../../../../avr/lib/avr51\libc.a(dtoa_prf.o)
 .text.avr-libc
                0x00000000      0x31c d:/program files (x86)/atmel studio/7.0/toolchain/avr8/avr8-gnu-toolchain/bin/../lib/gcc/avr/4.9.2/../../../../avr/lib/avr51\libc.a(dtoa_prf.o)
 .comment       0x00000000       0x31 d:/program files (x86)/atmel studio/7.0/toolchain/avr8/avr8-gnu-toolchain/bin/../lib/gcc/avr/4.9.2/../../../../avr/lib/avr51\libc.a(dtoa_prf.o)
 .text          0x00000000        0x0 d:/program files (x86)/atmel studio/7.0/toolchain/avr8/avr8-gnu-toolchain/bin/../lib/gcc/avr/4.9.2/../../../../avr/lib/avr51\libc.a(ftoa_engine.o)
 .data          0x00000000        0x0 d:/program files (x86)/atmel studio/7.0/toolchain/avr8/avr8-gnu-toolchain/bin/../lib/gcc/avr/4.9.2/../../../../avr/lib/avr51\libc.a(ftoa_engine.o)
 .bss           0x00000000        0x0 d:/program files (x86)/atmel studio/7.0/toolchain/avr8/avr8-gnu-toolchain/bin/../lib/gcc/avr/4.9.2/../../../../avr/lib/avr51\libc.a(ftoa_engine.o)
 .text.avr-libc
                0x00000000      0x1b0 d:/program files (x86)/atmel studio/7.0/toolchain/avr8/avr8-gnu-toolchain/bin/../lib/gcc/avr/4.9.2/../../../../avr/lib/avr51\libc.a(ftoa_engine.o)
 .progmem.data  0x00000000       0xfa d:/program files (x86)/atmel studio/7.0/toolchain/avr8/avr8-gnu-toolchain/bin/../lib/gcc/avr/4.9.2/../../../../avr/lib/avr51\libc.a(ftoa_engine.o)
 .text          0x00000000        0x0 d:/program files (x86)/atmel studio/7.0/toolchain/avr8/avr8-gnu-toolchain/bin/../lib/gcc/avr/4.9.2/../../../../avr/lib/avr51\libc.a(strrev.o)
 .data          0x00000000        0x0 d:/program files (x86)/atmel studio/7.0/toolchain/avr8/avr8-gnu-toolchain/bin/../lib/gcc/avr/4.9.2/../../../../avr/lib/avr51\libc.a(strrev.o)
 .bss           0x00000000        0x0 d:/program files (x86)/atmel studio/7.0/toolchain/avr8/avr8-gnu-toolchain/bin/../lib/gcc/avr/4.9.2/../../../../avr/lib/avr51\libc.a(strrev.o)
 .text.avr-libc
                0x00000000       0x20 d:/program files (x86)/atmel studio/7.0/toolchain/avr8/avr8-gnu-toolchain/bin/../lib/gcc/avr/4.9.2/../../../../avr/lib/avr51\libc.a(strrev.o)

Memory Configuration

Name             Origin             Length             Attributes
text             0x00000000         0x00020000         xr
data             0x00800100         0x0000ff00         rw !x
eeprom           0x00810000         0x00010000         rw !x
fuse             0x00820000         0x00000400         rw !x
lock             0x00830000         0x00000400         rw !x
signature        0x00840000         0x00000400         rw !x
user_signatures  0x00850000         0x00000400         rw !x
*default*        0x00000000         0xffffffff

Linker script and memory map

Address of section .data set to 0x800100
LOAD D:/Program Files (x86)/Atmel Studio/7.0/Packs/atmel/ATmega_DFP/1.0.106/gcc/dev/atmega1284p/avr51/crtatmega1284p.o
LOAD cube/Cube.o
LOAD cube/CubeProxy.o
LOAD cube/RGB.o
LOAD cube/Vector.o
LOAD display/Display.o
LOAD input/Input.o
LOAD main.o
LOAD sensors/Temperatur.o
LOAD util/Random.o
START GROUP
LOAD d:/program files (x86)/atmel studio/7.0/toolchain/avr8/avr8-gnu-toolchain/bin/../lib/gcc/avr/4.9.2/../../../../avr/lib/avr51\libm.a
END GROUP
LOAD d:/program files (x86)/atmel studio/7.0/toolchain/avr8/avr8-gnu-toolchain/bin/../lib/gcc/avr/4.9.2/avr51\libgcc.a
LOAD d:/program files (x86)/atmel studio/7.0/toolchain/avr8/avr8-gnu-toolchain/bin/../lib/gcc/avr/4.9.2/../../../../avr/lib/avr51\libm.a
START GROUP
LOAD d:/program files (x86)/atmel studio/7.0/toolchain/avr8/avr8-gnu-toolchain/bin/../lib/gcc/avr/4.9.2/avr51\libgcc.a
LOAD d:/program files (x86)/atmel studio/7.0/toolchain/avr8/avr8-gnu-toolchain/bin/../lib/gcc/avr/4.9.2/../../../../avr/lib/avr51\libm.a
LOAD d:/program files (x86)/atmel studio/7.0/toolchain/avr8/avr8-gnu-toolchain/bin/../lib/gcc/avr/4.9.2/../../../../avr/lib/avr51\libc.a
LOAD D:/Program Files (x86)/Atmel Studio/7.0/Packs/atmel/ATmega_DFP/1.0.106/gcc/dev/atmega1284p/avr51\libatmega1284p.a
END GROUP
                0x00020000                __TEXT_REGION_LENGTH__ = DEFINED (__TEXT_REGION_LENGTH__)?__TEXT_REGION_LENGTH__:0x20000
                0x0000ff00                __DATA_REGION_LENGTH__ = DEFINED (__DATA_REGION_LENGTH__)?__DATA_REGION_LENGTH__:0xff00
                0x00010000                __EEPROM_REGION_LENGTH__ = DEFINED (__EEPROM_REGION_LENGTH__)?__EEPROM_REGION_LENGTH__:0x10000
                0x00000400                __FUSE_REGION_LENGTH__ = DEFINED (__FUSE_REGION_LENGTH__)?__FUSE_REGION_LENGTH__:0x400
                0x00000400                __LOCK_REGION_LENGTH__ = DEFINED (__LOCK_REGION_LENGTH__)?__LOCK_REGION_LENGTH__:0x400
                0x00000400                __SIGNATURE_REGION_LENGTH__ = DEFINED (__SIGNATURE_REGION_LENGTH__)?__SIGNATURE_REGION_LENGTH__:0x400
                0x00000400                __USER_SIGNATURE_REGION_LENGTH__ = DEFINED (__USER_SIGNATURE_REGION_LENGTH__)?__USER_SIGNATURE_REGION_LENGTH__:0x400

.hash
 *(.hash)

.dynsym
 *(.dynsym)

.dynstr
 *(.dynstr)

.gnu.version
 *(.gnu.version)

.gnu.version_d
 *(.gnu.version_d)

.gnu.version_r
 *(.gnu.version_r)

.rel.init
 *(.rel.init)

.rela.init
 *(.rela.init)

.rel.text
 *(.rel.text)
 *(.rel.text.*)
 *(.rel.gnu.linkonce.t*)

.rela.text
 *(.rela.text)
 *(.rela.text.*)
 *(.rela.gnu.linkonce.t*)

.rel.fini
 *(.rel.fini)

.rela.fini
 *(.rela.fini)

.rel.rodata
 *(.rel.rodata)
 *(.rel.rodata.*)
 *(.rel.gnu.linkonce.r*)

.rela.rodata
 *(.rela.rodata)
 *(.rela.rodata.*)
 *(.rela.gnu.linkonce.r*)

.rel.data
 *(.rel.data)
 *(.rel.data.*)
 *(.rel.gnu.linkonce.d*)

.rela.data
 *(.rela.data)
 *(.rela.data.*)
 *(.rela.gnu.linkonce.d*)

.rel.ctors
 *(.rel.ctors)

.rela.ctors
 *(.rela.ctors)

.rel.dtors
 *(.rel.dtors)

.rela.dtors
 *(.rela.dtors)

.rel.got
 *(.rel.got)

.rela.got
 *(.rela.got)

.rel.bss
 *(.rel.bss)

.rela.bss
 *(.rela.bss)

.rel.plt
 *(.rel.plt)

.rela.plt
 *(.rela.plt)

.text           0x00000000      0xa14
 *(.vectors)
 .vectors       0x00000000       0x8c D:/Program Files (x86)/Atmel Studio/7.0/Packs/atmel/ATmega_DFP/1.0.106/gcc/dev/atmega1284p/avr51/crtatmega1284p.o
                0x00000000                __vector_default
                0x00000000                __vectors
 *(.vectors)
 *(.progmem.gcc*)
                0x0000008c                . = ALIGN (0x2)
                0x0000008c                __trampolines_start = .
 *(.trampolines)
 .trampolines   0x0000008c        0x0 linker stubs
 *(.trampolines*)
                0x0000008c                __trampolines_end = .
 *libprintf_flt.a:*(.progmem.data)
 *libc.a:*(.progmem.data)
 *(.progmem*)
                0x0000008c                . = ALIGN (0x2)
 *(.jumptables)
 *(.jumptables*)
 *(.lowtext)
 *(.lowtext*)
                0x0000008c                __ctors_start = .
 *(.ctors)
 .ctors         0x0000008c        0x2 cube/Cube.o
 .ctors         0x0000008e        0x2 input/Input.o
 .ctors         0x00000090        0x2 util/Random.o
                0x00000092                __ctors_end = .
                0x00000092                __dtors_start = .
 *(.dtors)
                0x00000092                __dtors_end = .
 SORT(*)(.ctors)
 SORT(*)(.dtors)
 *(.init0)
 .init0         0x00000092        0x0 D:/Program Files (x86)/Atmel Studio/7.0/Packs/atmel/ATmega_DFP/1.0.106/gcc/dev/atmega1284p/avr51/crtatmega1284p.o
                0x00000092                __init
 *(.init0)
 *(.init1)
 *(.init1)
 *(.init2)
 .init2         0x00000092        0xc D:/Program Files (x86)/Atmel Studio/7.0/Packs/atmel/ATmega_DFP/1.0.106/gcc/dev/atmega1284p/avr51/crtatmega1284p.o
 *(.init2)
 *(.init3)
 *(.init3)
 *(.init4)
 .init4         0x0000009e       0x1a d:/program files (x86)/atmel studio/7.0/toolchain/avr8/avr8-gnu-toolchain/bin/../lib/gcc/avr/4.9.2/avr51\libgcc.a(_copy_data.o)
                0x0000009e                __do_copy_data
 .init4         0x000000b8       0x10 d:/program files (x86)/atmel studio/7.0/toolchain/avr8/avr8-gnu-toolchain/bin/../lib/gcc/avr/4.9.2/avr51\libgcc.a(_clear_bss.o)
                0x000000b8                __do_clear_bss
 *(.init4)
 *(.init5)
 *(.init5)
 *(.init6)
 .init6         0x000000c8       0x14 d:/program files (x86)/atmel studio/7.0/toolchain/avr8/avr8-gnu-toolchain/bin/../lib/gcc/avr/4.9.2/avr51\libgcc.a(_ctors.o)
                0x000000c8                __do_global_ctors
 *(.init6)
 *(.init7)
 *(.init7)
 *(.init8)
 *(.init8)
 *(.init9)
 .init9         0x000000dc        0x4 D:/Program Files (x86)/Atmel Studio/7.0/Packs/atmel/ATmega_DFP/1.0.106/gcc/dev/atmega1284p/avr51/crtatmega1284p.o
 *(.init9)
 *(.text)
 .text          0x000000e0        0x2 D:/Program Files (x86)/Atmel Studio/7.0/Packs/atmel/ATmega_DFP/1.0.106/gcc/dev/atmega1284p/avr51/crtatmega1284p.o
                0x000000e0                __vector_22
                0x000000e0                __vector_28
                0x000000e0                __vector_1
                0x000000e0                __vector_32
                0x000000e0                __vector_34
                0x000000e0                __vector_24
                0x000000e0                __vector_12
                0x000000e0                __bad_interrupt
                0x000000e0                __vector_6
                0x000000e0                __vector_31
                0x000000e0                __vector_3
                0x000000e0                __vector_23
                0x000000e0                __vector_30
                0x000000e0                __vector_25
                0x000000e0                __vector_11
                0x000000e0                __vector_17
                0x000000e0                __vector_19
                0x000000e0                __vector_7
                0x000000e0                __vector_27
                0x000000e0                __vector_5
                0x000000e0                __vector_33
                0x000000e0                __vector_4
                0x000000e0                __vector_9
                0x000000e0                __vector_2
                0x000000e0                __vector_21
                0x000000e0                __vector_15
                0x000000e0                __vector_29
                0x000000e0                __vector_8
                0x000000e0                __vector_26
                0x000000e0                __vector_14
                0x000000e0                __vector_10
                0x000000e0                __vector_16
                0x000000e0                __vector_18
                0x000000e0                __vector_20
                0x000000e2                . = ALIGN (0x2)
 *(.text.*)
 .text._ZN4Cube3offEv
                0x000000e2       0x44 cube/Cube.o
                0x000000e2                _ZN4Cube3offEv
 .text._ZN4CubeC2Ev
                0x00000126       0xba cube/Cube.o
                0x00000126                _ZN4CubeC1Ev
                0x00000126                _ZN4CubeC2Ev
 .text._GLOBAL__sub_I__ZN4Cube10m_instanceE
                0x000001e0        0x8 cube/Cube.o
 .text._ZN3RGBC2Ev
                0x000001e8        0xa cube/RGB.o
                0x000001e8                _ZN3RGBC1Ev
                0x000001e8                _ZN3RGBC2Ev
 .text._ZN5InputC2Ev
                0x000001f2       0x68 input/Input.o
                0x000001f2                _ZN5InputC2Ev
                0x000001f2                _ZN5InputC1Ev
 .text._ZN5Input9isPressedEv
                0x0000025a       0x16 input/Input.o
                0x0000025a                _ZN5Input9isPressedEv
 .text._ZN5Input6updateEv
                0x00000270       0x7e input/Input.o
                0x00000270                _ZN5Input6updateEv
 .text._GLOBAL__sub_I__ZN5Input10m_instanceE
                0x000002ee        0x8 input/Input.o
 .text.main     0x000002f6        0x2 main.o
                0x000002f6                main
 .text.__vector_13
                0x000002f8      0x170 main.o
                0x000002f8                __vector_13
 .text._ZN10Temperatur3getEv
                0x00000468      0x270 sensors/Temperatur.o
                0x00000468                _ZN10Temperatur3getEv
 .text._GLOBAL__sub_I__ZN6Random2y8E
                0x000006d8        0xa util/Random.o
 .text.avr-libc.fplib
                0x000006e2        0xa d:/program files (x86)/atmel studio/7.0/toolchain/avr8/avr8-gnu-toolchain/bin/../lib/gcc/avr/4.9.2/../../../../avr/lib/avr51\libm.a(addsf3.o)
                0x000006e2                __subsf3
                0x000006e4                __addsf3
 .text.avr-libc.fplib
                0x000006ec       0xc0 d:/program files (x86)/atmel studio/7.0/toolchain/avr8/avr8-gnu-toolchain/bin/../lib/gcc/avr/4.9.2/../../../../avr/lib/avr51\libm.a(addsf3x.o)
                0x00000706                __addsf3x
 .text.avr-libc.fplib
                0x000007ac       0x58 d:/program files (x86)/atmel studio/7.0/toolchain/avr8/avr8-gnu-toolchain/bin/../lib/gcc/avr/4.9.2/../../../../avr/lib/avr51\libm.a(fixunssfsi.o)
                0x000007ac                __fixunssfsi
 .text.avr-libc.fplib
                0x00000804       0x7a d:/program files (x86)/atmel studio/7.0/toolchain/avr8/avr8-gnu-toolchain/bin/../lib/gcc/avr/4.9.2/../../../../avr/lib/avr51\libm.a(floatsisf.o)
                0x00000804                __floatunsisf
                0x00000808                __floatsisf
 .text.avr-libc.fplib
                0x0000087e        0xc d:/program files (x86)/atmel studio/7.0/toolchain/avr8/avr8-gnu-toolchain/bin/../lib/gcc/avr/4.9.2/../../../../avr/lib/avr51\libm.a(fp_inf.o)
                0x0000087e                __fp_inf
 .text.avr-libc.fplib
                0x0000088a        0x6 d:/program files (x86)/atmel studio/7.0/toolchain/avr8/avr8-gnu-toolchain/bin/../lib/gcc/avr/4.9.2/../../../../avr/lib/avr51\libm.a(fp_nan.o)
                0x0000088a                __fp_nan
 .text.avr-libc.fplib
                0x00000890        0xe d:/program files (x86)/atmel studio/7.0/toolchain/avr8/avr8-gnu-toolchain/bin/../lib/gcc/avr/4.9.2/../../../../avr/lib/avr51\libm.a(fp_pscA.o)
                0x00000890                __fp_pscA
 .text.avr-libc.fplib
                0x0000089e        0xe d:/program files (x86)/atmel studio/7.0/toolchain/avr8/avr8-gnu-toolchain/bin/../lib/gcc/avr/4.9.2/../../../../avr/lib/avr51\libm.a(fp_pscB.o)
                0x0000089e                __fp_pscB
 .text.avr-libc.fplib
                0x000008ac       0x22 d:/program files (x86)/atmel studio/7.0/toolchain/avr8/avr8-gnu-toolchain/bin/../lib/gcc/avr/4.9.2/../../../../avr/lib/avr51\libm.a(fp_round.o)
                0x000008ac                __fp_round
 .text.avr-libc.fplib
                0x000008ce       0x44 d:/program files (x86)/atmel studio/7.0/toolchain/avr8/avr8-gnu-toolchain/bin/../lib/gcc/avr/4.9.2/../../../../avr/lib/avr51\libm.a(fp_split3.o)
                0x000008ce                __fp_split3
                0x000008de                __fp_splitA
 .text.avr-libc.fplib
                0x00000912        0xe d:/program files (x86)/atmel studio/7.0/toolchain/avr8/avr8-gnu-toolchain/bin/../lib/gcc/avr/4.9.2/../../../../avr/lib/avr51\libm.a(fp_zero.o)
                0x00000912                __fp_zero
                0x00000914                __fp_szero
 .text.avr-libc.fplib
                0x00000920        0x4 d:/program files (x86)/atmel studio/7.0/toolchain/avr8/avr8-gnu-toolchain/bin/../lib/gcc/avr/4.9.2/../../../../avr/lib/avr51\libm.a(mulsf3.o)
                0x00000920                __mulsf3
 .text.avr-libc.fplib
                0x00000924       0xc2 d:/program files (x86)/atmel studio/7.0/toolchain/avr8/avr8-gnu-toolchain/bin/../lib/gcc/avr/4.9.2/../../../../avr/lib/avr51\libm.a(mulsf3x.o)
                0x00000938                __mulsf3x
                0x0000093c                __mulsf3_pse
 .text.libgcc   0x000009e6       0x18 d:/program files (x86)/atmel studio/7.0/toolchain/avr8/avr8-gnu-toolchain/bin/../lib/gcc/avr/4.9.2/avr51\libgcc.a(_adddi3_s8.o)
                0x000009e6                __adddi3_s8
 .text.libgcc   0x000009fe       0x12 d:/program files (x86)/atmel studio/7.0/toolchain/avr8/avr8-gnu-toolchain/bin/../lib/gcc/avr/4.9.2/avr51\libgcc.a(_tablejump2.o)
                0x000009fe                __tablejump2__
                0x00000a10                . = ALIGN (0x2)
 *(.fini9)
 .fini9         0x00000a10        0x0 d:/program files (x86)/atmel studio/7.0/toolchain/avr8/avr8-gnu-toolchain/bin/../lib/gcc/avr/4.9.2/avr51\libgcc.a(_exit.o)
                0x00000a10                _exit
                0x00000a10                exit
 *(.fini9)
 *(.fini8)
 *(.fini8)
 *(.fini7)
 *(.fini7)
 *(.fini6)
 *(.fini6)
 *(.fini5)
 *(.fini5)
 *(.fini4)
 *(.fini4)
 *(.fini3)
 *(.fini3)
 *(.fini2)
 *(.fini2)
 *(.fini1)
 *(.fini1)
 *(.fini0)
 .fini0         0x00000a10        0x4 d:/program files (x86)/atmel studio/7.0/toolchain/avr8/avr8-gnu-toolchain/bin/../lib/gcc/avr/4.9.2/avr51\libgcc.a(_exit.o)
 *(.fini0)
                0x00000a14                _etext = .

.data           0x00800100       0x12 load address 0x00000a14
                0x00800100                PROVIDE (__data_start, .)
 *(.data)
 *(.data*)
 .data._ZN4Cube13m_disable_ddrE
                0x00800100        0x2 cube/Cube.o
                0x00800100                _ZN4Cube13m_disable_ddrE
 .data._ZN4Cube16m_to_storage_ddrE
                0x00800102        0x2 cube/Cube.o
                0x00800102                _ZN4Cube16m_to_storage_ddrE
 .data._ZN4Cube17m_to_storage_portE
                0x00800104        0x2 cube/Cube.o
                0x00800104                _ZN4Cube17m_to_storage_portE
 .data._ZN5Input11BUTTON_PORTE
                0x00800106        0x2 input/Input.o
                0x00800106                _ZN5Input11BUTTON_PORTE
 .data._ZN5Input10BUTTON_DDRE
                0x00800108        0x2 input/Input.o
                0x00800108                _ZN5Input10BUTTON_DDRE
 .data._ZN5Input8INC_PORTE
                0x0080010a        0x2 input/Input.o
                0x0080010a                _ZN5Input8INC_PORTE
 .data._ZN5Input7INC_DDRE
                0x0080010c        0x2 input/Input.o
                0x0080010c                _ZN5Input7INC_DDRE
 .data._ZN5Input7INC_PINE
                0x0080010e        0x2 input/Input.o
                0x0080010e                _ZN5Input7INC_PINE
 *(.rodata)
 *(.rodata*)
 .rodata._ZN4Cube19m_to_storage_pin_noE
                0x00800110        0x1 cube/Cube.o
                0x00800110                _ZN4Cube19m_to_storage_pin_noE
 *(.gnu.linkonce.d*)
                0x00800112                . = ALIGN (0x2)
 *fill*         0x00800111        0x1 
                0x00800112                _edata = .
                0x00800112                PROVIDE (__data_end, .)

.bss            0x00800112      0x79a
                0x00800112                PROVIDE (__bss_start, .)
 *(.bss)
 *(.bss*)
 .bss._ZN4Cube10m_instanceE
                0x00800112      0x78a cube/Cube.o
                0x00800112                _ZN4Cube10m_instanceE
 .bss._ZN5Input10m_instanceE
                0x0080089c        0x6 input/Input.o
                0x0080089c                _ZN5Input10m_instanceE
 .bss.counter   0x008008a2        0x1 main.o
                0x008008a2                counter
 .bss.millis    0x008008a3        0x8 main.o
                0x008008a3                millis
 .bss._ZN6Random2y8E
                0x008008ab        0x1 util/Random.o
                0x008008ab                _ZN6Random2y8E
 *(COMMON)
                0x008008ac                PROVIDE (__bss_end, .)
                0x00000a14                __data_load_start = LOADADDR (.data)
                0x00000a26                __data_load_end = (__data_load_start + SIZEOF (.data))

.noinit         0x008008ac        0x0
                [!provide]                PROVIDE (__noinit_start, .)
 *(.noinit*)
                [!provide]                PROVIDE (__noinit_end, .)
                0x008008ac                _end = .
                [!provide]                PROVIDE (__heap_start, .)

.eeprom         0x00810000        0x0
 *(.eeprom*)
                0x00810000                __eeprom_end = .

.fuse
 *(.fuse)
 *(.lfuse)
 *(.hfuse)
 *(.efuse)

.lock
 *(.lock*)

.signature
 *(.signature*)

.user_signatures
 *(.user_signatures*)

.stab
 *(.stab)

.stabstr
 *(.stabstr)

.stab.excl
 *(.stab.excl)

.stab.exclstr
 *(.stab.exclstr)

.stab.index
 *(.stab.index)

.stab.indexstr
 *(.stab.indexstr)

.comment        0x00000000       0x30
 *(.comment)
 .comment       0x00000000       0x30 cube/Cube.o
                                 0x31 (size before relaxing)
 .comment       0x00000030       0x31 cube/RGB.o
 .comment       0x00000030       0x31 input/Input.o
 .comment       0x00000030       0x31 main.o
 .comment       0x00000030       0x31 sensors/Temperatur.o
 .comment       0x00000030       0x31 util/Random.o

.note.gnu.avr.deviceinfo
                0x00000000       0x40
 .note.gnu.avr.deviceinfo
                0x00000000       0x40 D:/Program Files (x86)/Atmel Studio/7.0/Packs/atmel/ATmega_DFP/1.0.106/gcc/dev/atmega1284p/avr51/crtatmega1284p.o

.note.gnu.build-id
 *(.note.gnu.build-id)

.debug
 *(.debug)

.line
 *(.line)

.debug_srcinfo
 *(.debug_srcinfo)

.debug_sfnames
 *(.debug_sfnames)

.debug_aranges  0x00000000      0x260
 *(.debug_aranges)
 .debug_aranges
                0x00000000       0x58 cube/Cube.o
 .debug_aranges
                0x00000058       0xe0 cube/RGB.o
 .debug_aranges
                0x00000138       0x60 input/Input.o
 .debug_aranges
                0x00000198       0x48 main.o
 .debug_aranges
                0x000001e0       0x28 sensors/Temperatur.o
 .debug_aranges
                0x00000208       0x58 util/Random.o

.debug_pubnames
 *(.debug_pubnames)

.debug_info     0x00000000     0x4acd
 *(.debug_info .gnu.linkonce.wi.*)
 .debug_info    0x00000000     0x1069 cube/Cube.o
 .debug_info    0x00001069      0xd2e cube/RGB.o
 .debug_info    0x00001d97      0x6ab input/Input.o
 .debug_info    0x00002442     0x157f main.o
 .debug_info    0x000039c1      0xb3c sensors/Temperatur.o
 .debug_info    0x000044fd      0x5d0 util/Random.o

.debug_abbrev   0x00000000     0x1169
 *(.debug_abbrev)
 .debug_abbrev  0x00000000      0x3cc cube/Cube.o
 .debug_abbrev  0x000003cc      0x225 cube/RGB.o
 .debug_abbrev  0x000005f1      0x273 input/Input.o
 .debug_abbrev  0x00000864      0x422 main.o
 .debug_abbrev  0x00000c86      0x267 sensors/Temperatur.o
 .debug_abbrev  0x00000eed      0x27c util/Random.o

.debug_line     0x00000000     0x1393
 *(.debug_line .debug_line.* .debug_line_end)
 .debug_line    0x00000000      0x32b cube/Cube.o
 .debug_line    0x0000032b      0x4d5 cube/RGB.o
 .debug_line    0x00000800      0x278 input/Input.o
 .debug_line    0x00000a78      0x289 main.o
 .debug_line    0x00000d01      0x499 sensors/Temperatur.o
 .debug_line    0x0000119a      0x1f9 util/Random.o

.debug_frame    0x00000000      0x71c
 *(.debug_frame)
 .debug_frame   0x00000000      0x194 cube/Cube.o
 .debug_frame   0x00000194      0x298 cube/RGB.o
 .debug_frame   0x0000042c       0xb0 input/Input.o
 .debug_frame   0x000004dc      0x11c main.o
 .debug_frame   0x000005f8       0x60 sensors/Temperatur.o
 .debug_frame   0x00000658       0xc4 util/Random.o

.debug_str      0x00000000     0x1273
 *(.debug_str)
 .debug_str     0x00000000      0x7ca cube/Cube.o
                                0x81b (size before relaxing)
 .debug_str     0x000007ca       0x60 cube/RGB.o
                                0x39e (size before relaxing)
 .debug_str     0x0000082a      0x361 input/Input.o
                                0x572 (size before relaxing)
 .debug_str     0x00000b8b      0x3e5 main.o
                                0xc65 (size before relaxing)
 .debug_str     0x00000f70      0x18e sensors/Temperatur.o
                                0x337 (size before relaxing)
 .debug_str     0x000010fe      0x175 util/Random.o
                                0x485 (size before relaxing)

.debug_loc      0x00000000     0x205a
 *(.debug_loc)
 .debug_loc     0x00000000      0x886 cube/Cube.o
 .debug_loc     0x00000886      0xb98 cube/RGB.o
 .debug_loc     0x0000141e      0x196 input/Input.o
 .debug_loc     0x000015b4      0x2f5 main.o
 .debug_loc     0x000018a9      0x49d sensors/Temperatur.o
 .debug_loc     0x00001d46      0x314 util/Random.o

.debug_macinfo
 *(.debug_macinfo)

.debug_weaknames
 *(.debug_weaknames)

.debug_funcnames
 *(.debug_funcnames)

.debug_typenames
 *(.debug_typenames)

.debug_varnames
 *(.debug_varnames)

.debug_pubtypes
 *(.debug_pubtypes)

.debug_ranges   0x00000000      0x2d8
 *(.debug_ranges)
 .debug_ranges  0x00000000       0x70 cube/Cube.o
 .debug_ranges  0x00000070       0xd0 cube/RGB.o
 .debug_ranges  0x00000140       0x50 input/Input.o
 .debug_ranges  0x00000190       0x88 main.o
 .debug_ranges  0x00000218       0x78 sensors/Temperatur.o
 .debug_ranges  0x00000290       0x48 util/Random.o

.debug_macro
 *(.debug_macro)
OUTPUT(cube_v3.elf elf32-avr)
LOAD linker stubs
